Tab[Prog,(] = Suite_Prog Sexpr %1 
Tab[Prog,)] = 
Tab[Prog,ID] = Suite_Prog Sexpr %1 
Tab[Prog,Fin] = 
Tab[Prog,Vide] = 
Tab[Suite_Prog,(] = Prog %8 
Tab[Suite_Prog,)] = 
Tab[Suite_Prog,ID] = Prog %8 
Tab[Suite_Prog,Fin] = Vide 
Tab[Suite_Prog,Vide] = Vide 
Tab[Sexpr,(] = Liste 
Tab[Sexpr,)] = 
Tab[Sexpr,ID] = Atome 
Tab[Sexpr,Fin] = 
Tab[Sexpr,Vide] = 
Tab[Liste,(] = ) %7 Suite_Liste Sexpr %2 %4 ( 
Tab[Liste,)] = 
Tab[Liste,ID] = 
Tab[Liste,Fin] = 
Tab[Liste,Vide] = 
Tab[Suite_Liste,(] = Production %7 Suite_Liste Sexpr %5 %2 %4 
Tab[Suite_Liste,)] = Production %6 Vide 
Tab[Suite_Liste,ID] = Production %7 Suite_Liste Sexpr %5 %2 %4 
Tab[Suite_Liste,Fin] = 
Tab[Suite_Liste,Vide] = Production %6 Vide 
Tab[Atome,(] = 
Tab[Atome,)] = 
Tab[Atome,ID] = ID %3 %7 
Tab[Atome,Fin] = 
Tab[Atome,Vide] = 
Tab[Production,(] = 
Tab[Production,)] = Vide 
Tab[Production,ID] = 
Tab[Production,Fin] = 
Tab[Production,Vide] = Vide 
